backend\.venv\Scripts\
python.exe : 
Disabling PyTorch 
because PyTorch >= 
2.4 is required but 
found 2.2.2
At line:1 char:1
+ backend\.venv\Script
s\python.exe backend/t
est_detection_renderin
g.py  ...
+ ~~~~~~~~~~~~~~~~~~~~
~~~~~~~~~~~~~~~~~~~~~~
~~~~~~~~~~~~~~~~~~~~~~
~~~~~
    + CategoryInfo    
          : NotSpeci  
  fied: (Disabling    
 PyTor...but found    
 2.2.2:String) []    
, RemoteException
    + FullyQualifiedE 
   rrorId : NativeCo  
  mmandError
 
Initializing detector for logic test...
Using device: cpu
Loading PPE detection model 1...
PPE detection model 1 loaded successfully
Loading PPE detection model 2...
PPE detection model 2 loaded successfully
Loading face detection model...
Loading face recognition model...
All models loaded successfully!
Processing dummy image...
DEBUG [Detector]: PPE Processing result: 2 items
DEBUG [Face Raw]: Face box (0.99) at [50, 50, 150, 150]
DEBUG [Detector]: PPE=2, Faces=1, Simplified={'helmet': True, 'vest': True, 'shoes': False, 'face': True}
--- Detections ---
{
  "ppe": [
    {
      "label": "Helmet",
      "confidence": 0.95,
      "bbox": [
        100,
        100,
        200,
        200
      ],
      "is_violation": false
    },
    {
      "label": "Vest",
      "confidence": 0.88,
      "bbox": [
        300,
        100,
        400,
        200
      ],
      "is_violation": false
    }
  ],
  "faces": [
    {
      "employee_id": null,
      "name": null,
      "confidence": 0.9900000095367432,
      "bbox": [
        50,
        50,
        150,
        150
      ]
    }
  ],
  "violations": [],
  "summary": {
    "ppe_detected": {
      "Helmet": 1,
      "Vest": 1
    },
    "violations": {},
    "total_ppe_items": 2,
    "total_violations": 0,
    "faces_detected": 1,
    "identified_persons": [],
    "identified_names": [],
    "safety_compliant": true
  },
  "simplified": {
    "helmet": true,
    "vest": true,
    "shoes": false,
    "face": true
  }
}
Result image saved to backend/test_result_rendering.png
